[www.lavishsoft.com/wiki/index.php/Special_PrefixIndex/LavishScript_.html]
[backblue.gif]
[fade.gif]
[index.html]
[www.lavishsoft.com/wiki/index.php/LavishScript_Aliases.html]
[www.lavishsoft.com/wiki/index.php/LavishScript_Atoms.html]
[www.lavishsoft.com/wiki/index.php/LavishScript_Command_Files.html]
[www.lavishsoft.com/wiki/index.php/LavishScript_Command_Syntax.html]
[www.lavishsoft.com/wiki/index.php/LavishScript_Commands.html]
[www.lavishsoft.com/wiki/index.php/LavishScript_Data.html]
[www.lavishsoft.com/wiki/index.php/LavishScript_Data_Retrieval.html]
[www.lavishsoft.com/wiki/index.php/LavishScript_Data_Sequences.html]
[www.lavishsoft.com/wiki/index.php/LavishScript_Data_Types.html]
[www.lavishsoft.com/wiki/index.php/LavishScript_Designing_Scripts.html]
[www.lavishsoft.com/wiki/index.php/LavishScript_Developing_Commands.html]
[www.lavishsoft.com/wiki/index.php/LavishScript_Developing_Data_Types.html]
[www.lavishsoft.com/wiki/index.php/LavishScript_Developing_Top-Level_Objects.html]
[www.lavishsoft.com/wiki/index.php/LavishScript_Difficulty_Rating_System.html]
[www.lavishsoft.com/wiki/index.php/LavishScript_Discussing.html]
[www.lavishsoft.com/wiki/index.php/LavishScript_Events.html]
[www.lavishsoft.com/wiki/index.php/LavishScript_FALSE.html]
[www.lavishsoft.com/wiki/index.php/LavishScript_File_System.html]
[www.lavishsoft.com/wiki/index.php/LavishScript_Installing_and_Running_Scripts.html]
[www.lavishsoft.com/wiki/index.php/LavishScript_LSModule_System.html]
[www.lavishsoft.com/wiki/index.php/LavishScript_Language_and_Engine_Overview.html]
[www.lavishsoft.com/wiki/index.php/LavishScript_Mathematical_Formulae.html]
[www.lavishsoft.com/wiki/index.php/LavishScript_MetaScript.html]
[www.lavishsoft.com/wiki/index.php/LavishScript_MetaScripts.html]
[www.lavishsoft.com/wiki/index.php/LavishScript_Modules.html]
[www.lavishsoft.com/wiki/index.php/LavishScript_NULL.html]
[www.lavishsoft.com/wiki/index.php/LavishScript_Object_Queries.html]
[www.lavishsoft.com/wiki/index.php/LavishScript_Object_References_and_Persistence.html]
[www.lavishsoft.com/wiki/index.php/LavishScript_Object_Types.html]
[www.lavishsoft.com/wiki/index.php/LavishScript_Preprocessor.html]
[www.lavishsoft.com/wiki/index.php/LavishScript_Release_Notes.html]
[www.lavishsoft.com/wiki/index.php/LavishScript_Script-Defined_Object_Types.html]
[www.lavishsoft.com/wiki/index.php/LavishScript_Script-defined_Object_Type.html]
[www.lavishsoft.com/wiki/index.php/LavishScript_Script_Development.html]
[www.lavishsoft.com/wiki/index.php/LavishScript_Script_Syntax.html]
[www.lavishsoft.com/wiki/index.php/LavishScript_Scripts.html]
[www.lavishsoft.com/wiki/index.php/LavishScript_Select.html]
[www.lavishsoft.com/wiki/index.php/LavishScript_Syntax.html]
[www.lavishsoft.com/wiki/index.php/LavishScript_TLO.html]
[www.lavishsoft.com/wiki/index.php/LavishScript_TRUE.html]
[www.lavishsoft.com/wiki/index.php/LavishScript_Taking_Actions.html]
[www.lavishsoft.com/wiki/index.php/LavishScript_Task.html]
[www.lavishsoft.com/wiki/index.php/LavishScript_Task_Libraries.html]
[www.lavishsoft.com/wiki/index.php/LavishScript_Task_Library.html]
[www.lavishsoft.com/wiki/index.php/LavishScript_Task_Type.html]
[www.lavishsoft.com/wiki/index.php/LavishScript_Task_Types.html]
[www.lavishsoft.com/wiki/index.php/LavishScript_Tasks.html]
[www.lavishsoft.com/wiki/index.php/LavishScript_Top-Level_Objects.html]
[www.lavishsoft.com/wiki/index.php/LavishScript_Triggers.html]
[www.lavishsoft.com/wiki/index.php/LavishScript_Using_Scripts.html]
[www.lavishsoft.com/wiki/index.php/LavishScript_Variables.html]
[www.lavishsoft.com/wiki/index.php/LavishScript_objectdef.html]
[www.lavishsoft.com/wiki/index.php/Special_PrefixIndex/LavishScript_.html]
[www.lavishsoft.com/wiki/index.php/LavishScript_Aliases.html]
[www.lavishsoft.com/wiki/index.php/LavishScript_Atoms.html]
[www.lavishsoft.com/wiki/index.php/LavishScript_Command_Files.html]
[www.lavishsoft.com/wiki/index.php/LavishScript_Command_Syntax.html]
[www.lavishsoft.com/wiki/index.php/LavishScript_Commands.html]
[www.lavishsoft.com/wiki/index.php/LavishScript_Data.html]
[www.lavishsoft.com/wiki/index.php/LavishScript_Data_Retrieval.html]
[www.lavishsoft.com/wiki/index.php/LavishScript_Data_Sequences.html]
[www.lavishsoft.com/wiki/index.php/LavishScript_Data_Types.html]
[www.lavishsoft.com/wiki/index.php/LavishScript_Designing_Scripts.html]
[www.lavishsoft.com/wiki/index.php/LavishScript_Developing_Commands.html]
[www.lavishsoft.com/wiki/index.php/LavishScript_Developing_Data_Types.html]
[www.lavishsoft.com/wiki/index.php/LavishScript_Developing_Top-Level_Objects.html]
[www.lavishsoft.com/wiki/index.php/LavishScript_Difficulty_Rating_System.html]
[www.lavishsoft.com/wiki/index.php/LavishScript_Discussing.html]
[www.lavishsoft.com/wiki/index.php/LavishScript_Events.html]
[www.lavishsoft.com/wiki/index.php/LavishScript_FALSE.html]
[www.lavishsoft.com/wiki/index.php/LavishScript_File_System.html]
[www.lavishsoft.com/wiki/index.php/LavishScript_Installing_and_Running_Scripts.html]
[www.lavishsoft.com/wiki/index.php/LavishScript_LSModule_System.html]
[www.lavishsoft.com/wiki/index.php/LavishScript_Language_and_Engine_Overview.html]
[www.lavishsoft.com/wiki/index.php/LavishScript_Mathematical_Formulae.html]
[www.lavishsoft.com/wiki/index.php/LavishScript_MetaScript.html]
[www.lavishsoft.com/wiki/index.php/LavishScript_MetaScripts.html]
[www.lavishsoft.com/wiki/index.php/LavishScript_Modules.html]
[www.lavishsoft.com/wiki/index.php/LavishScript_NULL.html]
[www.lavishsoft.com/wiki/index.php/LavishScript_Object_Queries.html]
[www.lavishsoft.com/wiki/index.php/LavishScript_Object_References_and_Persistence.html]
[www.lavishsoft.com/wiki/index.php/LavishScript_Object_Types.html]
[www.lavishsoft.com/wiki/index.php/LavishScript_Preprocessor.html]
[www.lavishsoft.com/wiki/index.php/LavishScript_Release_Notes.html]
[www.lavishsoft.com/wiki/index.php/LavishScript_Script-Defined_Object_Types.html]
[www.lavishsoft.com/wiki/index.php/LavishScript_Script-defined_Object_Type.html]
[www.lavishsoft.com/wiki/index.php/LavishScript_Script_Development.html]
[www.lavishsoft.com/wiki/index.php/LavishScript_Script_Syntax.html]
[www.lavishsoft.com/wiki/index.php/LavishScript_Scripts.html]
[www.lavishsoft.com/wiki/index.php/LavishScript_Select.html]
[www.lavishsoft.com/wiki/index.php/LavishScript_Syntax.html]
[www.lavishsoft.com/wiki/index.php/LavishScript_TLO.html]
[www.lavishsoft.com/wiki/index.php/LavishScript_TRUE.html]
[www.lavishsoft.com/wiki/index.php/LavishScript_Taking_Actions.html]
[www.lavishsoft.com/wiki/index.php/LavishScript_Task.html]
[www.lavishsoft.com/wiki/index.php/LavishScript_Task_Libraries.html]
[www.lavishsoft.com/wiki/index.php/LavishScript_Task_Library.html]
[www.lavishsoft.com/wiki/index.php/LavishScript_Task_Type.html]
[www.lavishsoft.com/wiki/index.php/LavishScript_Task_Types.html]
[www.lavishsoft.com/wiki/index.php/LavishScript_Tasks.html]
[www.lavishsoft.com/wiki/index.php/LavishScript_Top-Level_Objects.html]
[www.lavishsoft.com/wiki/index.php/LavishScript_Triggers.html]
[www.lavishsoft.com/wiki/index.php/LavishScript_Using_Scripts.html]
[www.lavishsoft.com/wiki/index.php/LavishScript_Variables.html]
[www.lavishsoft.com/wiki/index.php/LavishScript_objectdef.html]
