[forge.isxgames.com/projects/isxeve/wiki/index.html]
[backblue.gif]
[fade.gif]
[index.html]
[forge.isxgames.com/projects/isxeve/wiki.html]
[forge.isxgames.com/projects/isxeve/wiki/date_index.html]
[forge.isxgames.com/projects/isxeve/wiki/Activedrone_(Data_Type).html]
[forge.isxgames.com/projects/isxeve/wiki/Agentmission_(Data_Type).html]
[forge.isxgames.com/projects/isxeve/wiki/Agent_(Data_Type).html]
[forge.isxgames.com/projects/isxeve/wiki/Agent_(Top-Level_Object).html]
[forge.isxgames.com/projects/isxeve/wiki/Attacker_(Data_Type).html]
[forge.isxgames.com/projects/isxeve/wiki/Attack_(Data_Type).html]
[forge.isxgames.com/projects/isxeve/wiki/Autologin.html]
[forge.isxgames.com/projects/isxeve/wiki/Being_(Data_Type).html]
[forge.isxgames.com/projects/isxeve/wiki/Being_(Top-Level_Object).html]
[forge.isxgames.com/projects/isxeve/wiki/Bookmark_(Data_Type).html]
[forge.isxgames.com/projects/isxeve/wiki/Category.html]
[forge.isxgames.com/projects/isxeve/wiki/ChangeLogs.html]
[forge.isxgames.com/projects/isxeve/wiki/ChangeLogs_Archive_1.html]
[forge.isxgames.com/projects/isxeve/wiki/ChangeLogs_Archive_2.html]
[forge.isxgames.com/projects/isxeve/wiki/ChangeLogs_Archive_3.html]
[forge.isxgames.com/projects/isxeve/wiki/ChangeLogs_Archive_4.html]
[forge.isxgames.com/projects/isxeve/wiki/Character_(Data_Type).html]
[forge.isxgames.com/projects/isxeve/wiki/Character_Training.html]
[forge.isxgames.com/projects/isxeve/wiki/Charselect_(Data_Type).html]
[forge.isxgames.com/projects/isxeve/wiki/CharSelect_(Top-Level_Object).html]
[forge.isxgames.com/projects/isxeve/wiki/Chatchannel_(Data_Type).html]
[forge.isxgames.com/projects/isxeve/wiki/Corporationwallet_(Data_Type).html]
[forge.isxgames.com/projects/isxeve/wiki/Corporation_(Data_Type).html]
[forge.isxgames.com/projects/isxeve/wiki/Crash_Reporting.html]
[forge.isxgames.com/projects/isxeve/wiki/DebugSpew_(Command).html]
[forge.isxgames.com/projects/isxeve/wiki/Dialogstring_(Data_Type).html]
[forge.isxgames.com/projects/isxeve/wiki/Entity_(Data_Type).html]
[forge.isxgames.com/projects/isxeve/wiki/Entity_(Top-Level_Object).html]
[forge.isxgames.com/projects/isxeve/wiki/EVEBot.html]
[forge.isxgames.com/projects/isxeve/wiki/EVEBot_FAQ.html]
[forge.isxgames.com/projects/isxeve/wiki/EVEBot_for_Dummies.html]
[forge.isxgames.com/projects/isxeve/wiki/EVEBot_Missioner.html]
[forge.isxgames.com/projects/isxeve/wiki/Eveinvwindow_(Data_Type).html]
[forge.isxgames.com/projects/isxeve/wiki/Evetime_(Data_Type).html]
[forge.isxgames.com/projects/isxeve/wiki/EVETime_(Top-Level_Object).html]
[forge.isxgames.com/projects/isxeve/wiki/Evewindow_(Data_Type).html]
[forge.isxgames.com/projects/isxeve/wiki/EVEWindow_(Top-Level_Object).html]
[forge.isxgames.com/projects/isxeve/wiki/Eve_(Data_Type).html]
[forge.isxgames.com/projects/isxeve/wiki/EVE_(Top-Level_Object).html]
[forge.isxgames.com/projects/isxeve/wiki/EVE_OnChannelMessage.html]
[forge.isxgames.com/projects/isxeve/wiki/Fleetmember_(Data_Type).html]
[forge.isxgames.com/projects/isxeve/wiki/Fleet_(Data_Type).html]
[forge.isxgames.com/projects/isxeve/wiki/GetURL_(Command).html]
[forge.isxgames.com/projects/isxeve/wiki/Interstellar_(Data_Type).html]
[forge.isxgames.com/projects/isxeve/wiki/ISXEVE.html]
[forge.isxgames.com/projects/isxeve/wiki/Isxeve(Data_Type).html]
[forge.isxgames.com/projects/isxeve/wiki/Isxeve_(Data_Type).html]
[forge.isxgames.com/projects/isxeve/wiki/ISXEVE_(Top-Level_Object).html]
[forge.isxgames.com/projects/isxeve/wiki/ISXGamesPatcher.html]
[forge.isxgames.com/projects/isxeve/wiki/IsxGames_onHTTPResponse.html]
[forge.isxgames.com/projects/isxeve/wiki/Item_(Data_Type).html]
[forge.isxgames.com/projects/isxeve/wiki/Jammer_(Data_Type).html]
[forge.isxgames.com/projects/isxeve/wiki/LavishScript_Editor_Syntax_Files.html]
[forge.isxgames.com/projects/isxeve/wiki/Local(Top-Level_Object).html]
[forge.isxgames.com/projects/isxeve/wiki/Marketorder_(Data_Type).html]
[forge.isxgames.com/projects/isxeve/wiki/Me_(Top-Level_Object).html]
[forge.isxgames.com/projects/isxeve/wiki/Module_(Data_Type).html]
[forge.isxgames.com/projects/isxeve/wiki/Myorder_(Data_Type).html]
[forge.isxgames.com/projects/isxeve/wiki/MyShip_(Top-Level_Object).html]
[forge.isxgames.com/projects/isxeve/wiki/Pilot_(Data_Type).html]
[forge.isxgames.com/projects/isxeve/wiki/Queuedskill_(Data_Type).html]
[forge.isxgames.com/projects/isxeve/wiki/Run_(Command).html]
[forge.isxgames.com/projects/isxeve/wiki/Ship_(Data_Type).html]
[forge.isxgames.com/projects/isxeve/wiki/Skill_(Data_Type).html]
[forge.isxgames.com/projects/isxeve/wiki/Standing_(Data_Type).html]
[forge.isxgames.com/projects/isxeve/wiki/Station_(Data_Type).html]
[forge.isxgames.com/projects/isxeve/wiki/Syntax_Files.html]
[forge.isxgames.com/projects/isxeve/wiki/Universe_(Top-Level_Object).html]
[forge.isxgames.com/projects/isxeve/wiki/index.html]
[forge.isxgames.com/projects/isxeve/wiki/Wallet_(Data_Type).html]
[forge.isxgames.com/projects/isxeve/wiki.html]
[forge.isxgames.com/projects/isxeve/wiki/date_index.html]
[forge.isxgames.com/projects/isxeve/wiki/Activedrone_(Data_Type).html]
[forge.isxgames.com/projects/isxeve/wiki/Agentmission_(Data_Type).html]
[forge.isxgames.com/projects/isxeve/wiki/Agent_(Data_Type).html]
[forge.isxgames.com/projects/isxeve/wiki/Agent_(Top-Level_Object).html]
[forge.isxgames.com/projects/isxeve/wiki/Attacker_(Data_Type).html]
[forge.isxgames.com/projects/isxeve/wiki/Attack_(Data_Type).html]
[forge.isxgames.com/projects/isxeve/wiki/Autologin.html]
[forge.isxgames.com/projects/isxeve/wiki/Being_(Data_Type).html]
[forge.isxgames.com/projects/isxeve/wiki/Being_(Top-Level_Object).html]
[forge.isxgames.com/projects/isxeve/wiki/Bookmark_(Data_Type).html]
[forge.isxgames.com/projects/isxeve/wiki/Category.html]
[forge.isxgames.com/projects/isxeve/wiki/ChangeLogs.html]
[forge.isxgames.com/projects/isxeve/wiki/ChangeLogs_Archive_1.html]
[forge.isxgames.com/projects/isxeve/wiki/ChangeLogs_Archive_2.html]
[forge.isxgames.com/projects/isxeve/wiki/ChangeLogs_Archive_3.html]
[forge.isxgames.com/projects/isxeve/wiki/ChangeLogs_Archive_4.html]
[forge.isxgames.com/projects/isxeve/wiki/Character_(Data_Type).html]
[forge.isxgames.com/projects/isxeve/wiki/Character_Training.html]
[forge.isxgames.com/projects/isxeve/wiki/Charselect_(Data_Type).html]
[forge.isxgames.com/projects/isxeve/wiki/CharSelect_(Top-Level_Object).html]
[forge.isxgames.com/projects/isxeve/wiki/Chatchannel_(Data_Type).html]
[forge.isxgames.com/projects/isxeve/wiki/Corporationwallet_(Data_Type).html]
[forge.isxgames.com/projects/isxeve/wiki/Corporation_(Data_Type).html]
[forge.isxgames.com/projects/isxeve/wiki/Crash_Reporting.html]
[forge.isxgames.com/projects/isxeve/wiki/DebugSpew_(Command).html]
[forge.isxgames.com/projects/isxeve/wiki/Dialogstring_(Data_Type).html]
[forge.isxgames.com/projects/isxeve/wiki/Entity_(Data_Type).html]
[forge.isxgames.com/projects/isxeve/wiki/Entity_(Top-Level_Object).html]
[forge.isxgames.com/projects/isxeve/wiki/ChatChannel_(Data_Type)-2.html]
[forge.isxgames.com/projects/isxeve/wiki/EVEBot.html]
[forge.isxgames.com/projects/isxeve/wiki/EVEBot_FAQ.html]
[forge.isxgames.com/projects/isxeve/wiki/EVEBot_for_Dummies.html]
[forge.isxgames.com/projects/isxeve/wiki/EVEBot_Missioner.html]
[forge.isxgames.com/projects/isxeve/wiki/Eveinvwindow_(Data_Type).html]
[forge.isxgames.com/projects/isxeve/wiki/Evetime_(Data_Type).html]
[forge.isxgames.com/projects/isxeve/wiki/EVETime_(Top-Level_Object).html]
[forge.isxgames.com/projects/isxeve/wiki/Evewindow_(Data_Type).html]
[forge.isxgames.com/projects/isxeve/wiki/EVEWindow_(Top-Level_Object).html]
[forge.isxgames.com/projects/isxeve/wiki/Eve_(Data_Type).html]
[forge.isxgames.com/projects/isxeve/wiki/EVE_(Top-Level_Object).html]
[forge.isxgames.com/projects/isxeve/wiki/EVE_OnChannelMessage.html]
[forge.isxgames.com/projects/isxeve/wiki/Fleetmember_(Data_Type).html]
[forge.isxgames.com/projects/isxeve/wiki/Fleet_(Data_Type).html]
[forge.isxgames.com/projects/isxeve/wiki/GetURL_(Command).html]
[forge.isxgames.com/projects/isxeve/wiki/Interstellar_(Data_Type).html]
[forge.isxgames.com/projects/isxeve/wiki/ISXEVE.html]
[forge.isxgames.com/projects/isxeve/wiki/Isxeve(Data_Type).html]
[forge.isxgames.com/projects/isxeve/wiki/Isxeve_(Data_Type).html]
[forge.isxgames.com/projects/isxeve/wiki/ISXEVE_(Top-Level_Object).html]
[forge.isxgames.com/projects/isxeve/wiki/ISXGamesPatcher.html]
[forge.isxgames.com/projects/isxeve/wiki/IsxGames_onHTTPResponse.html]
[forge.isxgames.com/projects/isxeve/wiki/Item_(Data_Type).html]
[forge.isxgames.com/projects/isxeve/wiki/Jammer_(Data_Type).html]
[forge.isxgames.com/projects/isxeve/wiki/LavishScript_Editor_Syntax_Files.html]
[forge.isxgames.com/projects/isxeve/wiki/Local(Top-Level_Object).html]
[forge.isxgames.com/projects/isxeve/wiki/Marketorder_(Data_Type).html]
[forge.isxgames.com/projects/isxeve/wiki/Me_(Top-Level_Object).html]
[forge.isxgames.com/projects/isxeve/wiki/Module_(Data_Type).html]
[forge.isxgames.com/projects/isxeve/wiki/Myorder_(Data_Type).html]
[forge.isxgames.com/projects/isxeve/wiki/MyShip_(Top-Level_Object).html]
[forge.isxgames.com/projects/isxeve/wiki/Pilot_(Data_Type).html]
[forge.isxgames.com/projects/isxeve/wiki/Queuedskill_(Data_Type).html]
[forge.isxgames.com/projects/isxeve/wiki/Run_(Command).html]
[forge.isxgames.com/projects/isxeve/wiki/Ship_(Data_Type).html]
[forge.isxgames.com/projects/isxeve/wiki/Skill_(Data_Type).html]
[forge.isxgames.com/projects/isxeve/wiki/Standing_(Data_Type).html]
[forge.isxgames.com/projects/isxeve/wiki/Station_(Data_Type).html]
[forge.isxgames.com/projects/isxeve/wiki/Syntax_Files.html]
[forge.isxgames.com/projects/isxeve/wiki/Universe_(Top-Level_Object).html]
[forge.isxgames.com/projects/isxeve/wiki/Wallet_(Data_Type).html]
[forge.isxgames.com/projects/isxeve/wiki/EVE_OnPilotJoinedChannel(int64_ChannelID_string_PilotName_int64_PilotID_int64_AllianceID)c0b8.html]
[forge.isxgames.com/projects/isxeve/wiki/EVE_OnPilotLeftChannel(int64_ChannelID_string_PilotName_int64_PilotID_int64_AllianceID)c0b8.html]
[forge.isxgames.com/projects/isxeve/wiki/EVE_OnChannelMessage(int64_ChannelID_string_PilotName_int64_PilotID_int64_AllianceID_string_Message)c0b8.html]
[forge.isxgames.com/projects/isxeve/wiki/ISXEVE_onFrame()c0b8.html]
[forge.isxgames.com/projects/isxeve/wiki/ChatChannel_(Data_Type)-2.html]
[forge.isxgames.com/projects/isxeve/wiki/FAQ4e20.html]
